[    4173ms] [ERROR] Failed to load resource: the server responded with a status of 500 (Internal Server Error) @ http://localhost:3001/login:0
[    4824ms] [INFO] %cDownload the React DevTools for a better development experience: https://react.dev/link/react-devtools font-weight:bold @ webpack-internal:///(pages-dir-browser)/./node_modules/.pnpm/react-dom@19.2.5_react@19.2.5/node_modules/react-dom/cjs/react-dom-client.development.js:28004
[    4957ms] Error: Could not find the module "C:\Users\OriShavit\Documents\GitHub\Helm-Dashboard\node_modules\.pnpm\next@15.5.15_react-dom@19.2.5_react@19.2.5__react@19.2.5\node_modules\next\dist\client\components\builtin\global-error.js#" in the React Client Manifest. This is probably a bug in the React Server Components bundler.
    at stringify (<anonymous>:1:18)
    at resolveErrorDev (file://C:\Users\OriShavit\Documents\GitHub\Helm-Dashboard\node_modules\.pnpm\next@15.5.15_react-dom@19.2.5_react@19.2.5__react@19.2.5\node_modules\next\dist\compiled\next-server\app-page.runtime.dev.js:2:371780)
    at processFullStringRow (file://C:\Users\OriShavit\Documents\GitHub\Helm-Dashboard\node_modules\.pnpm\next@15.5.15_react-dom@19.2.5_react@19.2.5__react@19.2.5\node_modules\next\dist\compiled\next-server\app-page.runtime.dev.js:2:381627)
    at <unknown> (file://C:\Users\OriShavit\Documents\GitHub\Helm-Dashboard\node_modules\.pnpm\next@15.5.15_react-dom@19.2.5_react@19.2.5__react@19.2.5\node_modules\next\dist\compiled\next-server\app-page.runtime.dev.js:2:386875)
    at processBinaryChunk (file://C:\Users\OriShavit\Documents\GitHub\Helm-Dashboard\node_modules\.pnpm\next@15.5.15_react-dom@19.2.5_react@19.2.5__react@19.2.5\node_modules\next\dist\compiled\next-server\app-page.runtime.dev.js:2:386947)
    at progress (file://C:\Users\OriShavit\Documents\GitHub\Helm-Dashboard\node_modules\.pnpm\next@15.5.15_react-dom@19.2.5_react@19.2.5__react@19.2.5\node_modules\next\dist\compiled\next-server\app-page.runtime.dev.js:2:388475)
[    4954ms] [ERROR] WebSocket connection to 'ws://localhost:3001/_next/webpack-hmr' failed: Connection closed before receiving a handshake response @ webpack-internal:///(pages-dir-browser)/./node_modules/.pnpm/next@15.5.15_react-dom@19.2.5_react@19.2.5__react@19.2.5/node_modules/next/dist/client/dev/hot-reloader/pages/websocket.js:88
[    4981ms] [ERROR] Failed to load resource: the server responded with a status of 404 (Not Found) @ http://localhost:3001/favicon.ico:0
[    5973ms] [ERROR] WebSocket connection to 'ws://localhost:3001/_next/webpack-hmr' failed: Connection closed before receiving a handshake response @ webpack-internal:///(pages-dir-browser)/./node_modules/.pnpm/next@15.5.15_react-dom@19.2.5_react@19.2.5__react@19.2.5/node_modules/next/dist/client/dev/hot-reloader/pages/websocket.js:88
[    6983ms] [ERROR] WebSocket connection to 'ws://localhost:3001/_next/webpack-hmr' failed: Connection closed before receiving a handshake response @ webpack-internal:///(pages-dir-browser)/./node_modules/.pnpm/next@15.5.15_react-dom@19.2.5_react@19.2.5__react@19.2.5/node_modules/next/dist/client/dev/hot-reloader/pages/websocket.js:88
[    7990ms] [ERROR] WebSocket connection to 'ws://localhost:3001/_next/webpack-hmr' failed: Connection closed before receiving a handshake response @ webpack-internal:///(pages-dir-browser)/./node_modules/.pnpm/next@15.5.15_react-dom@19.2.5_react@19.2.5__react@19.2.5/node_modules/next/dist/client/dev/hot-reloader/pages/websocket.js:88
[    9003ms] [ERROR] WebSocket connection to 'ws://localhost:3001/_next/webpack-hmr' failed: Connection closed before receiving a handshake response @ webpack-internal:///(pages-dir-browser)/./node_modules/.pnpm/next@15.5.15_react-dom@19.2.5_react@19.2.5__react@19.2.5/node_modules/next/dist/client/dev/hot-reloader/pages/websocket.js:88
[   10021ms] [ERROR] WebSocket connection to 'ws://localhost:3001/_next/webpack-hmr' failed: Connection closed before receiving a handshake response @ webpack-internal:///(pages-dir-browser)/./node_modules/.pnpm/next@15.5.15_react-dom@19.2.5_react@19.2.5__react@19.2.5/node_modules/next/dist/client/dev/hot-reloader/pages/websocket.js:88
[   15045ms] [ERROR] WebSocket connection to 'ws://localhost:3001/_next/webpack-hmr' failed: Connection closed before receiving a handshake response @ webpack-internal:///(pages-dir-browser)/./node_modules/.pnpm/next@15.5.15_react-dom@19.2.5_react@19.2.5__react@19.2.5/node_modules/next/dist/client/dev/hot-reloader/pages/websocket.js:88
[   20065ms] [ERROR] WebSocket connection to 'ws://localhost:3001/_next/webpack-hmr' failed: Connection closed before receiving a handshake response @ webpack-internal:///(pages-dir-browser)/./node_modules/.pnpm/next@15.5.15_react-dom@19.2.5_react@19.2.5__react@19.2.5/node_modules/next/dist/client/dev/hot-reloader/pages/websocket.js:88
[   25102ms] [ERROR] WebSocket connection to 'ws://localhost:3001/_next/webpack-hmr' failed: Connection closed before receiving a handshake response @ webpack-internal:///(pages-dir-browser)/./node_modules/.pnpm/next@15.5.15_react-dom@19.2.5_react@19.2.5__react@19.2.5/node_modules/next/dist/client/dev/hot-reloader/pages/websocket.js:88
[   30160ms] [ERROR] WebSocket connection to 'ws://localhost:3001/_next/webpack-hmr' failed: Connection closed before receiving a handshake response @ webpack-internal:///(pages-dir-browser)/./node_modules/.pnpm/next@15.5.15_react-dom@19.2.5_react@19.2.5__react@19.2.5/node_modules/next/dist/client/dev/hot-reloader/pages/websocket.js:88
[   35250ms] [ERROR] WebSocket connection to 'ws://localhost:3001/_next/webpack-hmr' failed: Connection closed before receiving a handshake response @ webpack-internal:///(pages-dir-browser)/./node_modules/.pnpm/next@15.5.15_react-dom@19.2.5_react@19.2.5__react@19.2.5/node_modules/next/dist/client/dev/hot-reloader/pages/websocket.js:88
[   40307ms] [ERROR] WebSocket connection to 'ws://localhost:3001/_next/webpack-hmr' failed: Connection closed before receiving a handshake response @ webpack-internal:///(pages-dir-browser)/./node_modules/.pnpm/next@15.5.15_react-dom@19.2.5_react@19.2.5__react@19.2.5/node_modules/next/dist/client/dev/hot-reloader/pages/websocket.js:88
[   45626ms] [ERROR] WebSocket connection to 'ws://localhost:3001/_next/webpack-hmr' failed: Connection closed before receiving a handshake response @ webpack-internal:///(pages-dir-browser)/./node_modules/.pnpm/next@15.5.15_react-dom@19.2.5_react@19.2.5__react@19.2.5/node_modules/next/dist/client/dev/hot-reloader/pages/websocket.js:88
[   50798ms] [ERROR] WebSocket connection to 'ws://localhost:3001/_next/webpack-hmr' failed: Connection closed before receiving a handshake response @ webpack-internal:///(pages-dir-browser)/./node_modules/.pnpm/next@15.5.15_react-dom@19.2.5_react@19.2.5__react@19.2.5/node_modules/next/dist/client/dev/hot-reloader/pages/websocket.js:88
[   56947ms] [ERROR] WebSocket connection to 'ws://localhost:3001/_next/webpack-hmr' failed: Connection closed before receiving a handshake response @ webpack-internal:///(pages-dir-browser)/./node_modules/.pnpm/next@15.5.15_react-dom@19.2.5_react@19.2.5__react@19.2.5/node_modules/next/dist/client/dev/hot-reloader/pages/websocket.js:88
[   65380ms] [ERROR] WebSocket connection to 'ws://localhost:3001/_next/webpack-hmr' failed: Error in connection establishment: net::ERR_CONNECTION_REFUSED @ webpack-internal:///(pages-dir-browser)/./node_modules/.pnpm/next@15.5.15_react-dom@19.2.5_react@19.2.5__react@19.2.5/node_modules/next/dist/client/dev/hot-reloader/pages/websocket.js:88
[   77402ms] [ERROR] WebSocket connection to 'ws://localhost:3001/_next/webpack-hmr' failed: Error in connection establishment: net::ERR_CONNECTION_REFUSED @ webpack-internal:///(pages-dir-browser)/./node_modules/.pnpm/next@15.5.15_react-dom@19.2.5_react@19.2.5__react@19.2.5/node_modules/next/dist/client/dev/hot-reloader/pages/websocket.js:88
[   88893ms] [ERROR] WebSocket connection to 'ws://localhost:3001/_next/webpack-hmr' failed: Error in connection establishment: net::ERR_CONNECTION_REFUSED @ webpack-internal:///(pages-dir-browser)/./node_modules/.pnpm/next@15.5.15_react-dom@19.2.5_react@19.2.5__react@19.2.5/node_modules/next/dist/client/dev/hot-reloader/pages/websocket.js:88
[  100820ms] [ERROR] WebSocket connection to 'ws://localhost:3001/_next/webpack-hmr' failed: Error in connection establishment: net::ERR_CONNECTION_REFUSED @ webpack-internal:///(pages-dir-browser)/./node_modules/.pnpm/next@15.5.15_react-dom@19.2.5_react@19.2.5__react@19.2.5/node_modules/next/dist/client/dev/hot-reloader/pages/websocket.js:88
[  350323ms] [ERROR] WebSocket connection to 'ws://localhost:3001/_next/webpack-hmr' failed: WebSocket opening handshake timed out @ webpack-internal:///(pages-dir-browser)/./node_modules/.pnpm/next@15.5.15_react-dom@19.2.5_react@19.2.5__react@19.2.5/node_modules/next/dist/client/dev/hot-reloader/pages/websocket.js:88
[  355638ms] [LOG] [HMR] connected @ webpack-internal:///(pages-dir-browser)/./node_modules/.pnpm/next@15.5.15_react-dom@19.2.5_react@19.2.5__react@19.2.5/node_modules/next/dist/client/dev/hot-reloader/pages/websocket.js:45
